// Jest Snapshot v1, https://goo.gl/fbAQLP

exports[`Prueabs en <HeroScreen/> debe de mostrar el componente redirect si no hay argumentos en el URL 1`] = `""`;
